<?xml version='1.0' encoding='ISO-8859-1'?>

<data>
  <a>
    <b>Bee</b>
    <c>Sea</c>
  </a>
</data>